// Jest Snapshot v1, https://goo.gl/fbAQLP

exports[`App test case Snapshot test for app 1`] = `<Home />`;
